{"level":"INFO","message":"[9:58:41.979 PM]: Creating new connection object"}
{"level":"INFO","message":"[10:00:25.124 PM]: Creating new connection object"}
{"level":"INFO","message":"[10:01:29.819 PM]: Creating new connection object"}
{"level":"INFO","message":"[10:03:01.926 PM]: Creating new connection object"}
{"level":"INFO","message":"[10:03:01.929 PM]: Creating Connection[id: 388a53ae-38fd-40ab-8185-a8a5b0288f65] with host: A5065899850961-AA_DAYS_STAGING.snowflakecomputing.com, account: A5065899850961-AA_DAYS_STAGING, accessUrl: https://A5065899850961-AA_DAYS_STAGING.snowflakecomputing.com, user: cylyndyr_service_user, role: undefined, database: P_AAIA_APP_PKG_ENTERPRISE_STAGING, schema: SIG, warehouse: TTYD_WH, proxy was not configured, password is not provided, region: undefined, authenticator: SNOWFLAKE_JWT, ocsp mode: FAIL_OPEN, os: darwin"}
{"level":"INFO","message":"[10:03:01.930 PM]: Connection[id: 388a53ae-38fd-40ab-8185-a8a5b0288f65] additional details: passcode in password is provided, passcode is not provided, private key is provided, application: undefined, client name: snowflake-sdk, client version: 2.3.1, retry timeout: 300, private key path: undefined, private key pass is not provided, client store temporary credential: false, browser response timeout: 120000"}
{"level":"INFO","message":"[10:03:01.930 PM]: Connection[id: 388a53ae-38fd-40ab-8185-a8a5b0288f65] - connection object created successfully."}
{"level":"INFO","message":"[10:03:01.931 PM]: Connection[id: 388a53ae-38fd-40ab-8185-a8a5b0288f65] - connecting. Associated Snowflake domain: GLOBAL"}
{"level":"INFO","message":"[10:03:01.935 PM]: Connection[id: 388a53ae-38fd-40ab-8185-a8a5b0288f65] - authentication successful using: SNOWFLAKE_JWT"}
{"level":"INFO","message":"[10:03:01.935 PM]: Trying to initialize Easy Logging"}
{"level":"INFO","message":"[10:03:01.937 PM]: No client config detected."}
{"level":"INFO","message":"[10:03:01.937 PM]: No config file path found. Client config will not be used."}
{"level":"INFO","message":"[10:03:01.938 PM]: Easy Logging is disabled as no config has been found"}
{"level":"INFO","message":"[10:03:01.942 PM]: Connection[id: 388a53ae-38fd-40ab-8185-a8a5b0288f65] - connected successfully after 10.63 milliseconds"}
{"level":"INFO","message":"[10:03:17.198 PM]: Creating new connection object"}
{"level":"INFO","message":"[10:03:17.199 PM]: Creating Connection[id: 3f5ebdbd-bad0-4890-be1a-0f14a247bd45] with host: A5065899850961-AA_DAYS_STAGING.snowflakecomputing.com, account: A5065899850961-AA_DAYS_STAGING, accessUrl: https://A5065899850961-AA_DAYS_STAGING.snowflakecomputing.com, user: cylyndyr_service_user, role: undefined, database: P_AAIA_APP_PKG_ENTERPRISE_STAGING, schema: SIG, warehouse: TTYD_WH, proxy was not configured, password is not provided, region: undefined, authenticator: SNOWFLAKE_JWT, ocsp mode: FAIL_OPEN, os: darwin"}
{"level":"INFO","message":"[10:03:17.199 PM]: Connection[id: 3f5ebdbd-bad0-4890-be1a-0f14a247bd45] additional details: passcode in password is provided, passcode is not provided, private key is provided, application: undefined, client name: snowflake-sdk, client version: 2.3.1, retry timeout: 300, private key path: undefined, private key pass is not provided, client store temporary credential: false, browser response timeout: 120000"}
{"level":"INFO","message":"[10:03:17.199 PM]: Connection[id: 3f5ebdbd-bad0-4890-be1a-0f14a247bd45] - connection object created successfully."}
{"level":"INFO","message":"[10:03:17.199 PM]: Connection[id: 3f5ebdbd-bad0-4890-be1a-0f14a247bd45] - connecting. Associated Snowflake domain: GLOBAL"}
{"level":"INFO","message":"[10:03:17.201 PM]: Connection[id: 3f5ebdbd-bad0-4890-be1a-0f14a247bd45] - authentication successful using: SNOWFLAKE_JWT"}
{"level":"INFO","message":"[10:03:17.202 PM]: Connection[id: 3f5ebdbd-bad0-4890-be1a-0f14a247bd45] - connected successfully after 2.82 milliseconds"}
{"level":"INFO","message":"[10:04:05.386 PM]: Creating new connection object"}
{"level":"INFO","message":"[10:04:05.388 PM]: Creating Connection[id: 88362fd8-25c6-400b-bc94-969bcff521ef] with host: A5065899850961-AA_DAYS_STAGING.snowflakecomputing.com, account: A5065899850961-AA_DAYS_STAGING, accessUrl: https://A5065899850961-AA_DAYS_STAGING.snowflakecomputing.com, user: cylyndyr_service_user, role: undefined, database: P_AAIA_APP_PKG_ENTERPRISE_STAGING, schema: SIG, warehouse: TTYD_WH, proxy was not configured, password is not provided, region: undefined, authenticator: SNOWFLAKE_JWT, ocsp mode: FAIL_OPEN, os: darwin"}
{"level":"INFO","message":"[10:04:05.388 PM]: Connection[id: 88362fd8-25c6-400b-bc94-969bcff521ef] additional details: passcode in password is provided, passcode is not provided, private key is provided, application: undefined, client name: snowflake-sdk, client version: 2.3.1, retry timeout: 300, private key path: undefined, private key pass is not provided, client store temporary credential: false, browser response timeout: 120000"}
{"level":"INFO","message":"[10:04:05.388 PM]: Connection[id: 88362fd8-25c6-400b-bc94-969bcff521ef] - connection object created successfully."}
{"level":"INFO","message":"[10:04:05.389 PM]: Connection[id: 88362fd8-25c6-400b-bc94-969bcff521ef] - connecting. Associated Snowflake domain: GLOBAL"}
{"level":"INFO","message":"[10:04:05.391 PM]: Connection[id: 88362fd8-25c6-400b-bc94-969bcff521ef] - authentication successful using: SNOWFLAKE_JWT"}
{"level":"INFO","message":"[10:04:05.391 PM]: Trying to initialize Easy Logging"}
{"level":"INFO","message":"[10:04:05.396 PM]: No client config detected."}
{"level":"INFO","message":"[10:04:05.396 PM]: No config file path found. Client config will not be used."}
{"level":"INFO","message":"[10:04:05.396 PM]: Easy Logging is disabled as no config has been found"}
{"level":"INFO","message":"[10:04:05.398 PM]: Connection[id: 88362fd8-25c6-400b-bc94-969bcff521ef] - connected successfully after 9 milliseconds"}
{"level":"INFO","message":"[10:04:18.581 PM]: Creating new connection object"}
{"level":"INFO","message":"[10:04:18.581 PM]: Creating Connection[id: 16f46659-205e-420c-92f7-0d5f650370b7] with host: A5065899850961-AA_DAYS_STAGING.snowflakecomputing.com, account: A5065899850961-AA_DAYS_STAGING, accessUrl: https://A5065899850961-AA_DAYS_STAGING.snowflakecomputing.com, user: cylyndyr_service_user, role: undefined, database: P_AAIA_APP_PKG_ENTERPRISE_STAGING, schema: SIG, warehouse: TTYD_WH, proxy was not configured, password is not provided, region: undefined, authenticator: SNOWFLAKE_JWT, ocsp mode: FAIL_OPEN, os: darwin"}
{"level":"INFO","message":"[10:04:18.581 PM]: Connection[id: 16f46659-205e-420c-92f7-0d5f650370b7] additional details: passcode in password is provided, passcode is not provided, private key is provided, application: undefined, client name: snowflake-sdk, client version: 2.3.1, retry timeout: 300, private key path: undefined, private key pass is not provided, client store temporary credential: false, browser response timeout: 120000"}
{"level":"INFO","message":"[10:04:18.581 PM]: Connection[id: 16f46659-205e-420c-92f7-0d5f650370b7] - connection object created successfully."}
{"level":"INFO","message":"[10:04:18.582 PM]: Connection[id: 16f46659-205e-420c-92f7-0d5f650370b7] - connecting. Associated Snowflake domain: GLOBAL"}
{"level":"INFO","message":"[10:04:18.584 PM]: Connection[id: 16f46659-205e-420c-92f7-0d5f650370b7] - authentication successful using: SNOWFLAKE_JWT"}
{"level":"INFO","message":"[10:04:18.584 PM]: Connection[id: 16f46659-205e-420c-92f7-0d5f650370b7] - connected successfully after 2.86 milliseconds"}
{"level":"INFO","message":"[10:04:55.404 PM]: Creating new connection object"}
{"level":"INFO","message":"[10:04:55.406 PM]: Creating Connection[id: 5d2783ea-0856-4baf-b6d6-caa4c12f442b] with host: A5065899850961-AA_DAYS_STAGING.snowflakecomputing.com, account: A5065899850961-AA_DAYS_STAGING, accessUrl: https://A5065899850961-AA_DAYS_STAGING.snowflakecomputing.com, user: cylyndyr_service_user, role: undefined, database: P_AAIA_APP_PKG_ENTERPRISE_STAGING, schema: SIG, warehouse: TTYD_WH, proxy was not configured, password is not provided, region: undefined, authenticator: SNOWFLAKE_JWT, ocsp mode: FAIL_OPEN, os: darwin"}
{"level":"INFO","message":"[10:04:55.406 PM]: Connection[id: 5d2783ea-0856-4baf-b6d6-caa4c12f442b] additional details: passcode in password is provided, passcode is not provided, private key is provided, application: undefined, client name: snowflake-sdk, client version: 2.3.1, retry timeout: 300, private key path: undefined, private key pass is not provided, client store temporary credential: false, browser response timeout: 120000"}
{"level":"INFO","message":"[10:04:55.406 PM]: Connection[id: 5d2783ea-0856-4baf-b6d6-caa4c12f442b] - connection object created successfully."}
{"level":"INFO","message":"[10:04:55.406 PM]: Connection[id: 5d2783ea-0856-4baf-b6d6-caa4c12f442b] - connecting. Associated Snowflake domain: GLOBAL"}
{"level":"INFO","message":"[10:04:55.408 PM]: Connection[id: 5d2783ea-0856-4baf-b6d6-caa4c12f442b] - authentication successful using: SNOWFLAKE_JWT"}
{"level":"INFO","message":"[10:04:55.409 PM]: Connection[id: 5d2783ea-0856-4baf-b6d6-caa4c12f442b] - connected successfully after 3.43 milliseconds"}
{"level":"INFO","message":"[3:28:57.118 PM]: Creating new connection object"}
{"level":"INFO","message":"[3:28:57.129 PM]: Creating Connection[id: 8414ba3b-efa0-413a-b998-2b73ef619f66] with host: A5065899850961-AA_DAYS_STAGING.snowflakecomputing.com, account: A5065899850961-AA_DAYS_STAGING, accessUrl: https://A5065899850961-AA_DAYS_STAGING.snowflakecomputing.com, user: cylyndyr_service_user, role: undefined, database: P_AAIA_APP_PKG_ENTERPRISE_STAGING, schema: SIG, warehouse: TTYD_WH, proxy was not configured, password is not provided, region: undefined, authenticator: SNOWFLAKE_JWT, ocsp mode: FAIL_OPEN, os: darwin"}
{"level":"INFO","message":"[3:28:57.129 PM]: Connection[id: 8414ba3b-efa0-413a-b998-2b73ef619f66] additional details: passcode in password is provided, passcode is not provided, private key is provided, application: undefined, client name: snowflake-sdk, client version: 2.3.1, retry timeout: 300, private key path: undefined, private key pass is not provided, client store temporary credential: false, browser response timeout: 120000"}
{"level":"INFO","message":"[3:28:57.130 PM]: Connection[id: 8414ba3b-efa0-413a-b998-2b73ef619f66] - connection object created successfully."}
{"level":"INFO","message":"[3:28:57.130 PM]: Connection[id: 8414ba3b-efa0-413a-b998-2b73ef619f66] - connecting. Associated Snowflake domain: GLOBAL"}
{"level":"INFO","message":"[3:28:57.138 PM]: Connection[id: 8414ba3b-efa0-413a-b998-2b73ef619f66] - authentication successful using: SNOWFLAKE_JWT"}
{"level":"INFO","message":"[3:28:57.138 PM]: Trying to initialize Easy Logging"}
{"level":"INFO","message":"[3:28:57.141 PM]: No client config detected."}
{"level":"INFO","message":"[3:28:57.141 PM]: No config file path found. Client config will not be used."}
{"level":"INFO","message":"[3:28:57.142 PM]: Easy Logging is disabled as no config has been found"}
{"level":"INFO","message":"[3:28:57.146 PM]: Connection[id: 8414ba3b-efa0-413a-b998-2b73ef619f66] - connected successfully after 15.6 milliseconds"}
{"level":"INFO","message":"[4:09:20.450 PM]: Creating new connection object"}
{"level":"INFO","message":"[4:09:20.452 PM]: Creating Connection[id: 1f141388-f92b-4751-8e1a-e0239692a08f] with host: A5065899850961-AA_DAYS_STAGING.snowflakecomputing.com, account: A5065899850961-AA_DAYS_STAGING, accessUrl: https://A5065899850961-AA_DAYS_STAGING.snowflakecomputing.com, user: cylyndyr_service_user, role: undefined, database: P_AAIA_APP_PKG_ENTERPRISE_STAGING, schema: SIG, warehouse: TTYD_WH, proxy was not configured, password is not provided, region: undefined, authenticator: SNOWFLAKE_JWT, ocsp mode: FAIL_OPEN, os: darwin"}
{"level":"INFO","message":"[4:09:20.453 PM]: Connection[id: 1f141388-f92b-4751-8e1a-e0239692a08f] additional details: passcode in password is provided, passcode is not provided, private key is provided, application: undefined, client name: snowflake-sdk, client version: 2.3.1, retry timeout: 300, private key path: undefined, private key pass is not provided, client store temporary credential: false, browser response timeout: 120000"}
{"level":"INFO","message":"[4:09:20.453 PM]: Connection[id: 1f141388-f92b-4751-8e1a-e0239692a08f] - connection object created successfully."}
{"level":"INFO","message":"[4:09:20.453 PM]: Connection[id: 1f141388-f92b-4751-8e1a-e0239692a08f] - connecting. Associated Snowflake domain: GLOBAL"}
{"level":"INFO","message":"[4:09:20.460 PM]: Connection[id: 1f141388-f92b-4751-8e1a-e0239692a08f] - authentication successful using: SNOWFLAKE_JWT"}
{"level":"INFO","message":"[4:09:20.462 PM]: Connection[id: 1f141388-f92b-4751-8e1a-e0239692a08f] - connected successfully after 8.8 milliseconds"}
{"level":"INFO","message":"[4:11:08.523 PM]: Creating new connection object"}
{"level":"INFO","message":"[4:11:08.523 PM]: Creating Connection[id: a286a115-0c9d-42cd-9ec3-ef370f0a30c5] with host: A5065899850961-AA_DAYS_STAGING.snowflakecomputing.com, account: A5065899850961-AA_DAYS_STAGING, accessUrl: https://A5065899850961-AA_DAYS_STAGING.snowflakecomputing.com, user: cylyndyr_service_user, role: undefined, database: P_AAIA_APP_PKG_ENTERPRISE_STAGING, schema: SIG, warehouse: TTYD_WH, proxy was not configured, password is not provided, region: undefined, authenticator: SNOWFLAKE_JWT, ocsp mode: FAIL_OPEN, os: darwin"}
{"level":"INFO","message":"[4:11:08.523 PM]: Connection[id: a286a115-0c9d-42cd-9ec3-ef370f0a30c5] additional details: passcode in password is provided, passcode is not provided, private key is provided, application: undefined, client name: snowflake-sdk, client version: 2.3.1, retry timeout: 300, private key path: undefined, private key pass is not provided, client store temporary credential: false, browser response timeout: 120000"}
{"level":"INFO","message":"[4:11:08.523 PM]: Connection[id: a286a115-0c9d-42cd-9ec3-ef370f0a30c5] - connection object created successfully."}
{"level":"INFO","message":"[4:11:08.523 PM]: Connection[id: a286a115-0c9d-42cd-9ec3-ef370f0a30c5] - connecting. Associated Snowflake domain: GLOBAL"}
{"level":"INFO","message":"[4:11:08.526 PM]: Connection[id: a286a115-0c9d-42cd-9ec3-ef370f0a30c5] - authentication successful using: SNOWFLAKE_JWT"}
{"level":"INFO","message":"[4:11:08.526 PM]: Connection[id: a286a115-0c9d-42cd-9ec3-ef370f0a30c5] - connected successfully after 2.74 milliseconds"}
{"level":"INFO","message":"[1:42:12.743 PM]: Creating new connection object"}
{"level":"INFO","message":"[1:42:12.757 PM]: Creating Connection[id: 4fc94e98-2491-4328-90ca-6be69348fcf1] with host: A5065899850961-AA_DAYS_STAGING.snowflakecomputing.com, account: A5065899850961-AA_DAYS_STAGING, accessUrl: https://A5065899850961-AA_DAYS_STAGING.snowflakecomputing.com, user: cylyndyr_service_user, role: undefined, database: P_AAIA_APP_PKG_ENTERPRISE_STAGING, schema: SIG, warehouse: TTYD_WH, proxy was not configured, password is not provided, region: undefined, authenticator: SNOWFLAKE_JWT, ocsp mode: FAIL_OPEN, os: darwin"}
{"level":"INFO","message":"[1:42:12.758 PM]: Connection[id: 4fc94e98-2491-4328-90ca-6be69348fcf1] additional details: passcode in password is provided, passcode is not provided, private key is provided, application: undefined, client name: snowflake-sdk, client version: 2.3.1, retry timeout: 300, private key path: undefined, private key pass is not provided, client store temporary credential: false, browser response timeout: 120000"}
{"level":"INFO","message":"[1:42:12.758 PM]: Connection[id: 4fc94e98-2491-4328-90ca-6be69348fcf1] - connection object created successfully."}
{"level":"INFO","message":"[1:42:12.759 PM]: Connection[id: 4fc94e98-2491-4328-90ca-6be69348fcf1] - connecting. Associated Snowflake domain: GLOBAL"}
{"level":"INFO","message":"[1:42:12.768 PM]: Connection[id: 4fc94e98-2491-4328-90ca-6be69348fcf1] - authentication successful using: SNOWFLAKE_JWT"}
{"level":"INFO","message":"[1:42:12.769 PM]: Trying to initialize Easy Logging"}
{"level":"INFO","message":"[1:42:12.771 PM]: No client config detected."}
{"level":"INFO","message":"[1:42:12.771 PM]: No config file path found. Client config will not be used."}
{"level":"INFO","message":"[1:42:12.772 PM]: Easy Logging is disabled as no config has been found"}
{"level":"INFO","message":"[1:42:12.775 PM]: Connection[id: 4fc94e98-2491-4328-90ca-6be69348fcf1] - connected successfully after 16.6 milliseconds"}
{"level":"INFO","message":"[5:08:07.908 PM]: Creating new connection object"}
{"level":"INFO","message":"[5:08:07.909 PM]: Creating Connection[id: 359e5ef8-5191-4dc2-b942-b49a8d1d07f9] with host: A5065899850961-AA_DAYS_STAGING.snowflakecomputing.com, account: A5065899850961-AA_DAYS_STAGING, accessUrl: https://A5065899850961-AA_DAYS_STAGING.snowflakecomputing.com, user: cylyndyr_service_user, role: undefined, database: P_AAIA_APP_PKG_ENTERPRISE_STAGING, schema: SIG, warehouse: TTYD_WH, proxy was not configured, password is not provided, region: undefined, authenticator: SNOWFLAKE_JWT, ocsp mode: FAIL_OPEN, os: darwin"}
{"level":"INFO","message":"[5:08:07.909 PM]: Connection[id: 359e5ef8-5191-4dc2-b942-b49a8d1d07f9] additional details: passcode in password is provided, passcode is not provided, private key is provided, application: undefined, client name: snowflake-sdk, client version: 2.3.1, retry timeout: 300, private key path: undefined, private key pass is not provided, client store temporary credential: false, browser response timeout: 120000"}
{"level":"INFO","message":"[5:08:07.909 PM]: Connection[id: 359e5ef8-5191-4dc2-b942-b49a8d1d07f9] - connection object created successfully."}
{"level":"INFO","message":"[5:08:07.910 PM]: Connection[id: 359e5ef8-5191-4dc2-b942-b49a8d1d07f9] - connecting. Associated Snowflake domain: GLOBAL"}
{"level":"INFO","message":"[5:08:07.915 PM]: Connection[id: 359e5ef8-5191-4dc2-b942-b49a8d1d07f9] - authentication successful using: SNOWFLAKE_JWT"}
{"level":"INFO","message":"[5:08:07.916 PM]: Connection[id: 359e5ef8-5191-4dc2-b942-b49a8d1d07f9] - connected successfully after 6.06 milliseconds"}
{"level":"INFO","message":"[6:27:45.791 PM]: Creating new connection object"}
{"level":"INFO","message":"[6:27:45.793 PM]: Creating Connection[id: 0f80f876-cb17-4403-8942-5897ca164d31] with host: A5065899850961-AA_DAYS_STAGING.snowflakecomputing.com, account: A5065899850961-AA_DAYS_STAGING, accessUrl: https://A5065899850961-AA_DAYS_STAGING.snowflakecomputing.com, user: cylyndyr_service_user, role: undefined, database: P_AAIA_APP_PKG_ENTERPRISE_STAGING, schema: SIG, warehouse: TTYD_WH, proxy was not configured, password is not provided, region: undefined, authenticator: SNOWFLAKE_JWT, ocsp mode: FAIL_OPEN, os: darwin"}
{"level":"INFO","message":"[6:27:45.793 PM]: Connection[id: 0f80f876-cb17-4403-8942-5897ca164d31] additional details: passcode in password is provided, passcode is not provided, private key is provided, application: undefined, client name: snowflake-sdk, client version: 2.3.1, retry timeout: 300, private key path: undefined, private key pass is not provided, client store temporary credential: false, browser response timeout: 120000"}
{"level":"INFO","message":"[6:27:45.793 PM]: Connection[id: 0f80f876-cb17-4403-8942-5897ca164d31] - connection object created successfully."}
{"level":"INFO","message":"[6:27:45.793 PM]: Connection[id: 0f80f876-cb17-4403-8942-5897ca164d31] - connecting. Associated Snowflake domain: GLOBAL"}
{"level":"INFO","message":"[6:27:45.798 PM]: Connection[id: 0f80f876-cb17-4403-8942-5897ca164d31] - authentication successful using: SNOWFLAKE_JWT"}
{"level":"INFO","message":"[6:27:45.798 PM]: Connection[id: 0f80f876-cb17-4403-8942-5897ca164d31] - connected successfully after 5.57 milliseconds"}
{"level":"INFO","message":"[8:22:50.051 AM]: Creating new connection object"}
{"level":"INFO","message":"[8:22:50.052 AM]: Creating Connection[id: 1c1365d3-b063-4d01-b5d4-567094499ccf] with host: A5065899850961-AA_DAYS_STAGING.snowflakecomputing.com, account: A5065899850961-AA_DAYS_STAGING, accessUrl: https://A5065899850961-AA_DAYS_STAGING.snowflakecomputing.com, user: cylyndyr_service_user, role: undefined, database: P_AAIA_APP_PKG_ENTERPRISE_STAGING, schema: SIG, warehouse: TTYD_WH, proxy was not configured, password is not provided, region: undefined, authenticator: SNOWFLAKE_JWT, ocsp mode: FAIL_OPEN, os: darwin"}
{"level":"INFO","message":"[8:22:50.053 AM]: Connection[id: 1c1365d3-b063-4d01-b5d4-567094499ccf] additional details: passcode in password is provided, passcode is not provided, private key is provided, application: undefined, client name: snowflake-sdk, client version: 2.3.1, retry timeout: 300, private key path: undefined, private key pass is not provided, client store temporary credential: false, browser response timeout: 120000"}
{"level":"INFO","message":"[8:22:50.053 AM]: Connection[id: 1c1365d3-b063-4d01-b5d4-567094499ccf] - connection object created successfully."}
{"level":"INFO","message":"[8:22:50.053 AM]: Connection[id: 1c1365d3-b063-4d01-b5d4-567094499ccf] - connecting. Associated Snowflake domain: GLOBAL"}
{"level":"INFO","message":"[8:22:50.060 AM]: Connection[id: 1c1365d3-b063-4d01-b5d4-567094499ccf] - authentication successful using: SNOWFLAKE_JWT"}
{"level":"INFO","message":"[8:22:50.060 AM]: Connection[id: 1c1365d3-b063-4d01-b5d4-567094499ccf] - connected successfully after 7.51 milliseconds"}
{"level":"INFO","message":"[10:19:18.588 AM]: Creating new connection object"}
{"level":"INFO","message":"[10:19:18.599 AM]: Creating Connection[id: 6a658bbd-3efb-43b1-863a-343ed7936d71] with host: A5065899850961-AA_DAYS_STAGING.snowflakecomputing.com, account: A5065899850961-AA_DAYS_STAGING, accessUrl: https://A5065899850961-AA_DAYS_STAGING.snowflakecomputing.com, user: cylyndyr_service_user, role: undefined, database: P_AAIA_APP_PKG_ENTERPRISE_STAGING, schema: SIG, warehouse: TTYD_WH, proxy was not configured, password is not provided, region: undefined, authenticator: SNOWFLAKE_JWT, ocsp mode: FAIL_OPEN, os: darwin"}
{"level":"INFO","message":"[10:19:18.600 AM]: Connection[id: 6a658bbd-3efb-43b1-863a-343ed7936d71] additional details: passcode in password is provided, passcode is not provided, private key is provided, application: undefined, client name: snowflake-sdk, client version: 2.3.1, retry timeout: 300, private key path: undefined, private key pass is not provided, client store temporary credential: false, browser response timeout: 120000"}
{"level":"INFO","message":"[10:19:18.600 AM]: Connection[id: 6a658bbd-3efb-43b1-863a-343ed7936d71] - connection object created successfully."}
{"level":"INFO","message":"[10:19:18.600 AM]: Connection[id: 6a658bbd-3efb-43b1-863a-343ed7936d71] - connecting. Associated Snowflake domain: GLOBAL"}
{"level":"INFO","message":"[10:19:18.605 AM]: Connection[id: 6a658bbd-3efb-43b1-863a-343ed7936d71] - authentication successful using: SNOWFLAKE_JWT"}
{"level":"INFO","message":"[10:19:18.606 AM]: Trying to initialize Easy Logging"}
{"level":"INFO","message":"[10:19:18.608 AM]: No client config detected."}
{"level":"INFO","message":"[10:19:18.608 AM]: No config file path found. Client config will not be used."}
{"level":"INFO","message":"[10:19:18.608 AM]: Easy Logging is disabled as no config has been found"}
{"level":"INFO","message":"[10:19:18.611 AM]: Connection[id: 6a658bbd-3efb-43b1-863a-343ed7936d71] - connected successfully after 10.49 milliseconds"}
{"level":"INFO","message":"[11:06:22.203 AM]: Creating new connection object"}
{"level":"INFO","message":"[11:06:22.208 AM]: Creating Connection[id: 17279fdd-720a-4d68-aaf3-0cdb2e9254ca] with host: A5065899850961-AA_DAYS_STAGING.snowflakecomputing.com, account: A5065899850961-AA_DAYS_STAGING, accessUrl: https://A5065899850961-AA_DAYS_STAGING.snowflakecomputing.com, user: cylyndyr_service_user, role: undefined, database: P_AAIA_APP_PKG_ENTERPRISE_STAGING, schema: SIG, warehouse: TTYD_WH, proxy was not configured, password is not provided, region: undefined, authenticator: SNOWFLAKE_JWT, ocsp mode: FAIL_OPEN, os: darwin"}
{"level":"INFO","message":"[11:06:22.209 AM]: Connection[id: 17279fdd-720a-4d68-aaf3-0cdb2e9254ca] additional details: passcode in password is provided, passcode is not provided, private key is provided, application: undefined, client name: snowflake-sdk, client version: 2.3.1, retry timeout: 300, private key path: undefined, private key pass is not provided, client store temporary credential: false, browser response timeout: 120000"}
{"level":"INFO","message":"[11:06:22.209 AM]: Connection[id: 17279fdd-720a-4d68-aaf3-0cdb2e9254ca] - connection object created successfully."}
{"level":"INFO","message":"[11:06:22.209 AM]: Connection[id: 17279fdd-720a-4d68-aaf3-0cdb2e9254ca] - connecting. Associated Snowflake domain: GLOBAL"}
{"level":"INFO","message":"[11:06:22.216 AM]: Connection[id: 17279fdd-720a-4d68-aaf3-0cdb2e9254ca] - authentication successful using: SNOWFLAKE_JWT"}
{"level":"INFO","message":"[11:06:22.220 AM]: Connection[id: 17279fdd-720a-4d68-aaf3-0cdb2e9254ca] - connected successfully after 10.63 milliseconds"}
{"level":"INFO","message":"[1:06:43.413 PM]: Creating new connection object"}
{"level":"INFO","message":"[1:06:43.456 PM]: Creating Connection[id: 4cf7b1fd-eba1-4a86-af6f-9c1c005544fd] with host: A5065899850961-AA_DAYS_STAGING.snowflakecomputing.com, account: A5065899850961-AA_DAYS_STAGING, accessUrl: https://A5065899850961-AA_DAYS_STAGING.snowflakecomputing.com, user: cylyndyr_service_user, role: undefined, database: P_AAIA_APP_PKG_ENTERPRISE_STAGING, schema: SIG, warehouse: TTYD_WH, proxy was not configured, password is not provided, region: undefined, authenticator: SNOWFLAKE_JWT, ocsp mode: FAIL_OPEN, os: darwin"}
{"level":"INFO","message":"[1:06:43.457 PM]: Connection[id: 4cf7b1fd-eba1-4a86-af6f-9c1c005544fd] additional details: passcode in password is provided, passcode is not provided, private key is provided, application: undefined, client name: snowflake-sdk, client version: 2.3.1, retry timeout: 300, private key path: undefined, private key pass is not provided, client store temporary credential: false, browser response timeout: 120000"}
{"level":"INFO","message":"[1:06:43.457 PM]: Connection[id: 4cf7b1fd-eba1-4a86-af6f-9c1c005544fd] - connection object created successfully."}
{"level":"INFO","message":"[1:06:43.457 PM]: Connection[id: 4cf7b1fd-eba1-4a86-af6f-9c1c005544fd] - connecting. Associated Snowflake domain: GLOBAL"}
{"level":"INFO","message":"[1:06:43.466 PM]: Connection[id: 4cf7b1fd-eba1-4a86-af6f-9c1c005544fd] - authentication successful using: SNOWFLAKE_JWT"}
{"level":"INFO","message":"[1:06:43.466 PM]: Trying to initialize Easy Logging"}
{"level":"INFO","message":"[1:06:43.468 PM]: No client config detected."}
{"level":"INFO","message":"[1:06:43.468 PM]: No config file path found. Client config will not be used."}
{"level":"INFO","message":"[1:06:43.469 PM]: Easy Logging is disabled as no config has been found"}
{"level":"INFO","message":"[1:06:43.474 PM]: Connection[id: 4cf7b1fd-eba1-4a86-af6f-9c1c005544fd] - connected successfully after 16.6 milliseconds"}
{"level":"INFO","message":"[1:14:10.495 PM]: Creating new connection object"}
{"level":"INFO","message":"[1:14:10.497 PM]: Creating Connection[id: a139a19b-1da5-48af-a548-dfb202665bd6] with host: A5065899850961-AA_DAYS_STAGING.snowflakecomputing.com, account: A5065899850961-AA_DAYS_STAGING, accessUrl: https://A5065899850961-AA_DAYS_STAGING.snowflakecomputing.com, user: cylyndyr_service_user, role: undefined, database: P_AAIA_APP_PKG_ENTERPRISE_STAGING, schema: SIG, warehouse: TTYD_WH, proxy was not configured, password is not provided, region: undefined, authenticator: SNOWFLAKE_JWT, ocsp mode: FAIL_OPEN, os: darwin"}
{"level":"INFO","message":"[1:14:10.497 PM]: Connection[id: a139a19b-1da5-48af-a548-dfb202665bd6] additional details: passcode in password is provided, passcode is not provided, private key is provided, application: undefined, client name: snowflake-sdk, client version: 2.3.1, retry timeout: 300, private key path: undefined, private key pass is not provided, client store temporary credential: false, browser response timeout: 120000"}
{"level":"INFO","message":"[1:14:10.497 PM]: Connection[id: a139a19b-1da5-48af-a548-dfb202665bd6] - connection object created successfully."}
{"level":"INFO","message":"[1:14:10.497 PM]: Connection[id: a139a19b-1da5-48af-a548-dfb202665bd6] - connecting. Associated Snowflake domain: GLOBAL"}
{"level":"INFO","message":"[1:14:10.500 PM]: Connection[id: a139a19b-1da5-48af-a548-dfb202665bd6] - authentication successful using: SNOWFLAKE_JWT"}
{"level":"INFO","message":"[1:14:10.501 PM]: Connection[id: a139a19b-1da5-48af-a548-dfb202665bd6] - connected successfully after 3.65 milliseconds"}
{"level":"INFO","message":"[10:51:18.127 AM]: Creating new connection object"}
{"level":"INFO","message":"[10:51:18.131 AM]: Creating Connection[id: a308d650-36a1-47c5-9830-841f978b9daf] with host: A5065899850961-AA_DAYS_STAGING.snowflakecomputing.com, account: A5065899850961-AA_DAYS_STAGING, accessUrl: https://A5065899850961-AA_DAYS_STAGING.snowflakecomputing.com, user: cylyndyr_service_user, role: undefined, database: P_AAIA_APP_PKG_ENTERPRISE_STAGING, schema: SIG, warehouse: TTYD_WH, proxy was not configured, password is not provided, region: undefined, authenticator: SNOWFLAKE_JWT, ocsp mode: FAIL_OPEN, os: darwin"}
{"level":"INFO","message":"[10:51:18.131 AM]: Connection[id: a308d650-36a1-47c5-9830-841f978b9daf] additional details: passcode in password is provided, passcode is not provided, private key is provided, application: undefined, client name: snowflake-sdk, client version: 2.3.1, retry timeout: 300, private key path: undefined, private key pass is not provided, client store temporary credential: false, browser response timeout: 120000"}
{"level":"INFO","message":"[10:51:18.131 AM]: Connection[id: a308d650-36a1-47c5-9830-841f978b9daf] - connection object created successfully."}
{"level":"INFO","message":"[10:51:18.132 AM]: Connection[id: a308d650-36a1-47c5-9830-841f978b9daf] - connecting. Associated Snowflake domain: GLOBAL"}
{"level":"INFO","message":"[10:51:18.141 AM]: Connection[id: a308d650-36a1-47c5-9830-841f978b9daf] - authentication successful using: SNOWFLAKE_JWT"}
{"level":"INFO","message":"[10:51:18.145 AM]: Connection[id: a308d650-36a1-47c5-9830-841f978b9daf] - connected successfully after 13.83 milliseconds"}
{"level":"INFO","message":"[11:12:34.004 AM]: Creating new connection object"}
{"level":"INFO","message":"[11:12:34.005 AM]: Creating Connection[id: c654ec5e-819e-4364-959d-f3c97f413d6a] with host: A5065899850961-AA_DAYS_STAGING.snowflakecomputing.com, account: A5065899850961-AA_DAYS_STAGING, accessUrl: https://A5065899850961-AA_DAYS_STAGING.snowflakecomputing.com, user: cylyndyr_service_user, role: undefined, database: P_AAIA_APP_PKG_ENTERPRISE_STAGING, schema: SIG, warehouse: TTYD_WH, proxy was not configured, password is not provided, region: undefined, authenticator: SNOWFLAKE_JWT, ocsp mode: FAIL_OPEN, os: darwin"}
{"level":"INFO","message":"[11:12:34.006 AM]: Connection[id: c654ec5e-819e-4364-959d-f3c97f413d6a] additional details: passcode in password is provided, passcode is not provided, private key is provided, application: undefined, client name: snowflake-sdk, client version: 2.3.1, retry timeout: 300, private key path: undefined, private key pass is not provided, client store temporary credential: false, browser response timeout: 120000"}
{"level":"INFO","message":"[11:12:34.006 AM]: Connection[id: c654ec5e-819e-4364-959d-f3c97f413d6a] - connection object created successfully."}
{"level":"INFO","message":"[11:12:34.006 AM]: Connection[id: c654ec5e-819e-4364-959d-f3c97f413d6a] - connecting. Associated Snowflake domain: GLOBAL"}
{"level":"INFO","message":"[11:12:34.009 AM]: Connection[id: c654ec5e-819e-4364-959d-f3c97f413d6a] - authentication successful using: SNOWFLAKE_JWT"}
{"level":"INFO","message":"[11:12:34.010 AM]: Connection[id: c654ec5e-819e-4364-959d-f3c97f413d6a] - connected successfully after 3.99 milliseconds"}
{"level":"INFO","message":"[1:19:39.339 PM]: Creating new connection object"}
{"level":"INFO","message":"[1:19:39.342 PM]: Creating Connection[id: f6f76b52-3c25-4edf-b960-d22785e9bef3] with host: A5065899850961-AA_DAYS_STAGING.snowflakecomputing.com, account: A5065899850961-AA_DAYS_STAGING, accessUrl: https://A5065899850961-AA_DAYS_STAGING.snowflakecomputing.com, user: cylyndyr_service_user, role: undefined, database: P_AAIA_APP_PKG_ENTERPRISE_STAGING, schema: SIG, warehouse: TTYD_WH, proxy was not configured, password is not provided, region: undefined, authenticator: SNOWFLAKE_JWT, ocsp mode: FAIL_OPEN, os: darwin"}
{"level":"INFO","message":"[1:19:39.342 PM]: Connection[id: f6f76b52-3c25-4edf-b960-d22785e9bef3] additional details: passcode in password is provided, passcode is not provided, private key is provided, application: undefined, client name: snowflake-sdk, client version: 2.3.1, retry timeout: 300, private key path: undefined, private key pass is not provided, client store temporary credential: false, browser response timeout: 120000"}
{"level":"INFO","message":"[1:19:39.342 PM]: Connection[id: f6f76b52-3c25-4edf-b960-d22785e9bef3] - connection object created successfully."}
{"level":"INFO","message":"[1:19:39.342 PM]: Connection[id: f6f76b52-3c25-4edf-b960-d22785e9bef3] - connecting. Associated Snowflake domain: GLOBAL"}
{"level":"INFO","message":"[1:19:39.351 PM]: Connection[id: f6f76b52-3c25-4edf-b960-d22785e9bef3] - authentication successful using: SNOWFLAKE_JWT"}
{"level":"INFO","message":"[1:19:39.353 PM]: Connection[id: f6f76b52-3c25-4edf-b960-d22785e9bef3] - connected successfully after 10.51 milliseconds"}
{"level":"INFO","message":"[9:46:01.736 PM]: Creating new connection object"}
{"level":"INFO","message":"[9:46:01.738 PM]: Creating Connection[id: 14a85e1d-c0b7-4483-8127-7c5f1b067e4a] with host: A5065899850961-AA_DAYS_STAGING.snowflakecomputing.com, account: A5065899850961-AA_DAYS_STAGING, accessUrl: https://A5065899850961-AA_DAYS_STAGING.snowflakecomputing.com, user: cylyndyr_service_user, role: undefined, database: P_AAIA_APP_PKG_ENTERPRISE_STAGING, schema: SIG, warehouse: TTYD_WH, proxy was not configured, password is not provided, region: undefined, authenticator: SNOWFLAKE_JWT, ocsp mode: FAIL_OPEN, os: darwin"}
{"level":"INFO","message":"[9:46:01.738 PM]: Connection[id: 14a85e1d-c0b7-4483-8127-7c5f1b067e4a] additional details: passcode in password is provided, passcode is not provided, private key is provided, application: undefined, client name: snowflake-sdk, client version: 2.3.1, retry timeout: 300, private key path: undefined, private key pass is not provided, client store temporary credential: false, browser response timeout: 120000"}
{"level":"INFO","message":"[9:46:01.739 PM]: Connection[id: 14a85e1d-c0b7-4483-8127-7c5f1b067e4a] - connection object created successfully."}
{"level":"INFO","message":"[9:46:01.739 PM]: Connection[id: 14a85e1d-c0b7-4483-8127-7c5f1b067e4a] - connecting. Associated Snowflake domain: GLOBAL"}
{"level":"INFO","message":"[9:46:01.743 PM]: Connection[id: 14a85e1d-c0b7-4483-8127-7c5f1b067e4a] - authentication successful using: SNOWFLAKE_JWT"}
{"level":"INFO","message":"[9:46:01.744 PM]: Connection[id: 14a85e1d-c0b7-4483-8127-7c5f1b067e4a] - connected successfully after 5.49 milliseconds"}
{"level":"INFO","message":"[9:48:27.313 PM]: Creating new connection object"}
{"level":"INFO","message":"[9:48:27.314 PM]: Creating Connection[id: e3920e03-5e79-484a-b83a-1638b20a8f34] with host: A5065899850961-AA_DAYS_STAGING.snowflakecomputing.com, account: A5065899850961-AA_DAYS_STAGING, accessUrl: https://A5065899850961-AA_DAYS_STAGING.snowflakecomputing.com, user: cylyndyr_service_user, role: undefined, database: P_AAIA_APP_PKG_ENTERPRISE_STAGING, schema: SIG, warehouse: TTYD_WH, proxy was not configured, password is not provided, region: undefined, authenticator: SNOWFLAKE_JWT, ocsp mode: FAIL_OPEN, os: darwin"}
{"level":"INFO","message":"[9:48:27.314 PM]: Connection[id: e3920e03-5e79-484a-b83a-1638b20a8f34] additional details: passcode in password is provided, passcode is not provided, private key is provided, application: undefined, client name: snowflake-sdk, client version: 2.3.1, retry timeout: 300, private key path: undefined, private key pass is not provided, client store temporary credential: false, browser response timeout: 120000"}
{"level":"INFO","message":"[9:48:27.314 PM]: Connection[id: e3920e03-5e79-484a-b83a-1638b20a8f34] - connection object created successfully."}
{"level":"INFO","message":"[9:48:27.314 PM]: Connection[id: e3920e03-5e79-484a-b83a-1638b20a8f34] - connecting. Associated Snowflake domain: GLOBAL"}
{"level":"INFO","message":"[9:48:27.317 PM]: Connection[id: e3920e03-5e79-484a-b83a-1638b20a8f34] - authentication successful using: SNOWFLAKE_JWT"}
{"level":"INFO","message":"[9:48:27.318 PM]: Connection[id: e3920e03-5e79-484a-b83a-1638b20a8f34] - connected successfully after 3.47 milliseconds"}
{"level":"INFO","message":"[9:43:11.365 AM]: Creating new connection object"}
{"level":"INFO","message":"[9:43:11.374 AM]: Creating Connection[id: 605c0063-7910-4973-b7f5-407d70310ebb] with host: A5065899850961-AA_DAYS_STAGING.snowflakecomputing.com, account: A5065899850961-AA_DAYS_STAGING, accessUrl: https://A5065899850961-AA_DAYS_STAGING.snowflakecomputing.com, user: cylyndyr_service_user, role: undefined, database: P_AAIA_APP_PKG_ENTERPRISE_STAGING, schema: SIG, warehouse: TTYD_WH, proxy was not configured, password is not provided, region: undefined, authenticator: SNOWFLAKE_JWT, ocsp mode: FAIL_OPEN, os: darwin"}
{"level":"INFO","message":"[9:43:11.374 AM]: Connection[id: 605c0063-7910-4973-b7f5-407d70310ebb] additional details: passcode in password is provided, passcode is not provided, private key is provided, application: undefined, client name: snowflake-sdk, client version: 2.3.1, retry timeout: 300, private key path: undefined, private key pass is not provided, client store temporary credential: false, browser response timeout: 120000"}
{"level":"INFO","message":"[9:43:11.374 AM]: Connection[id: 605c0063-7910-4973-b7f5-407d70310ebb] - connection object created successfully."}
{"level":"INFO","message":"[9:43:11.375 AM]: Connection[id: 605c0063-7910-4973-b7f5-407d70310ebb] - connecting. Associated Snowflake domain: GLOBAL"}
{"level":"INFO","message":"[9:43:11.379 AM]: Connection[id: 605c0063-7910-4973-b7f5-407d70310ebb] - authentication successful using: SNOWFLAKE_JWT"}
{"level":"INFO","message":"[9:43:11.379 AM]: Trying to initialize Easy Logging"}
{"level":"INFO","message":"[9:43:11.387 AM]: No client config detected."}
{"level":"INFO","message":"[9:43:11.387 AM]: No config file path found. Client config will not be used."}
{"level":"INFO","message":"[9:43:11.388 AM]: Easy Logging is disabled as no config has been found"}
{"level":"INFO","message":"[9:43:11.390 AM]: Connection[id: 605c0063-7910-4973-b7f5-407d70310ebb] - connected successfully after 15.65 milliseconds"}
